// Jest Snapshot v1, https://goo.gl/fbAQLP

exports[`<Button /> Should render correctly 1`] = `
<div>
  <span
    class="sc-eDvSVe iqkXFe"
  />
</div>
`;

exports[`<Button /> Should render correctly hrefExternal 1`] = `
<div>
  <span
    class="sc-eDvSVe iqkXFe"
  />
</div>
`;

exports[`<Button /> Should render with nextified href 1`] = `
<div>
  <span
    class="sc-eDvSVe iqkXFe"
  />
</div>
`;
