// Jest Snapshot v1, https://goo.gl/fbAQLP

exports[`<EmailVerifiedOnly /> Should render correctly 1`] = `
<div>
  <div
    class="sc-kDvujY jcGnlL"
  >
    <h1
      class="sc-dkrFOg dYiSba sc-eDWCr wULAC"
      id="you-need-to-verify-your-email-before-completing-this-step."
    >
      You need to verify your email before completing this step.
    </h1>
    <a
      class="sc-ftTHYK cJafwd"
      href="/account"
    >
      <span
        class="sc-jSUZER bjWoVS"
      >
        Account
      </span>
    </a>
  </div>
</div>
`;

exports[`<EmailVerifiedOnly /> Should render correctly with user 1`] = `
<div>
  <div
    class="sc-kDvujY jcGnlL"
  >
    <h1
      class="sc-dkrFOg dYiSba sc-eDWCr wULAC"
      id="you-need-to-verify-your-email-before-completing-this-step."
    >
      You need to verify your email before completing this step.
    </h1>
    <a
      class="sc-ftTHYK cJafwd"
      href="/account"
    >
      <span
        class="sc-jSUZER bjWoVS"
      >
        Account
      </span>
    </a>
  </div>
</div>
`;

exports[`<EmailVerifiedOnly /> Should render correctly with user with verified email 1`] = `
<div>
  Test
</div>
`;
