// Jest Snapshot v1, https://goo.gl/fbAQLP

exports[`<PrivacyPolicy /> should render correctly - index 1`] = `
<div>
  <div
    class="sc-bcXHqe dKDSeC page-containerstyles__StyledPageContainer-sc-19l7k4-0"
    width="default"
  >
    <div
      class="sc-ksBlkl iCvzgk"
    >
      <h1
        class="sc-jSUZER bliipu sc-kDvujY jlGjEY"
      >
        Privacy policy
      </h1>
    </div>
    <div
      class="sc-eDWCr himBEe"
    >
      <style>
        .js .animated-content__wrapper--hidden {
  padding-top: 4rem;
  opacity: 0.01;
}
      </style>
      <div
        class="sc-csuSiG bimhCI animated-content__wrapper--hidden"
      >
        <div
          class="sc-fEXmlR cjDBjc"
        >
          <h1
            class="sc-iBYQkv bnxJCD sc-dIfARi gdYSDI"
            id="accounts"
          >
            Accounts
          </h1>
          <span
            class="sc-fnGiBr hCJYcY"
          >
            When you sign-up for an account we ask for a username and email. We will never share these with third-parties. We store these only to enable access to your account.
          </span>
        </div>
      </div>
    </div>
    <div
      class="sc-eDWCr himBEe"
    >
      <style>
        .js .animated-content__wrapper--hidden {
  padding-top: 4rem;
  opacity: 0.01;
}
      </style>
      <div
        class="sc-csuSiG bimhCI animated-content__wrapper--hidden"
      >
        <div
          class="sc-fEXmlR cjDBjc"
        >
          <h1
            class="sc-iBYQkv bnxJCD sc-dIfARi gdYSDI"
            id="analytics"
          >
            Analytics
          </h1>
          <span
            class="sc-fnGiBr hCJYcY"
          >
            This site collects basic analytics information, namely the URL paths you visit within the site, and information about the device you are using. This is never shared with third-parties and never used to track you across other services.
          </span>
          <span
            class="sc-fnGiBr hCJYcY"
          >
            The information collected about your device includes browser, browser version, OS, OS version, and the first part of your IP address which gives a very, very rough location of access.
          </span>
          <span
            class="sc-fnGiBr hCJYcY"
          >
            As this data contains no personally identifiable information and is not used to track you, it can be collected without consent.
          </span>
        </div>
      </div>
    </div>
    <div
      class="sc-eDWCr himBEe"
    >
      <style>
        .js .animated-content__wrapper--hidden {
  padding-top: 4rem;
  opacity: 0.01;
}
      </style>
      <div
        class="sc-csuSiG bimhCI animated-content__wrapper--hidden"
      >
        <div
          class="sc-fEXmlR cjDBjc"
        >
          <h1
            class="sc-iBYQkv bnxJCD sc-dIfARi gdYSDI"
            id="cookies"
          >
            Cookies
          </h1>
          <span
            class="sc-fnGiBr hCJYcY"
          >
            To keep you logged in to your user account an authentication cookie will be stored on your machine. This will not be used to track you, and will not be shared with any third-parties. As this is a purely functional cookie, it can be used without consent.
          </span>
        </div>
      </div>
    </div>
    <div
      class="sc-eDWCr himBEe"
    >
      <style>
        .js .animated-content__wrapper--hidden {
  padding-top: 4rem;
  opacity: 0.01;
}
      </style>
      <div
        class="sc-csuSiG bimhCI animated-content__wrapper--hidden"
      >
        <div
          class="sc-fEXmlR cjDBjc"
        >
          <h1
            class="sc-iBYQkv bnxJCD sc-dIfARi gdYSDI"
            id="version"
          >
            Version
          </h1>
          <span
            class="sc-fnGiBr hCJYcY"
          >
            This is version 
            3
             of the privacy policy.
          </span>
        </div>
      </div>
    </div>
  </div>
</div>
`;
