// Jest Snapshot v1, https://goo.gl/fbAQLP

exports[`<NavigationItem /> Should render correctly 1`] = `
<div>
  <span
    class="sc-eDvSVe iqkXFe"
  >
    name
  </span>
</div>
`;

exports[`<NavigationItem /> Should render correctly hrefExternal 1`] = `
<div>
  <span
    class="sc-eDvSVe iqkXFe"
  >
    name
  </span>
</div>
`;

exports[`<NavigationItem /> Should render correctly with custom className 1`] = `
<div>
  <span
    class="sc-eDvSVe iqkXFe"
  >
    name
  </span>
</div>
`;
