// Jest Snapshot v1, https://goo.gl/fbAQLP

exports[`<Layout /> Should render correctly 1`] = `
.c4 {
  display: -webkit-box;
  display: -webkit-flex;
  display: -ms-flexbox;
  display: flex;
  padding-bottom: 1rem;
  -webkit-flex-direction: column;
  -ms-flex-direction: column;
  flex-direction: column;
  -webkit-transition: -webkit-transform 0.2s;
  -webkit-transition: transform 0.2s;
  transition: transform 0.2s;
  border-radius: 0.25rem;
  outline: none;
  padding-right: 2rem;
  padding-left: 2rem;
  -webkit-align-items: center;
  -webkit-box-align: center;
  -ms-flex-align: center;
  align-items: center;
  -webkit-align-items: center;
  -webkit-box-align: center;
  -ms-flex-align: center;
  align-items: center;
  padding: 0;
}

.c6 {
  border-radius: 0.25rem;
}

.c6:focus-visible {
  position: relative;
  outline: none !important;
}

.c6:focus-visible::after {
  position: absolute;
  top: -0.35rem;
  right: -0.35rem;
  bottom: -0.35rem;
  left: -0.35rem;
  content: '';
  display: block;
  border: solid #44aeff 0.2rem;
  border-radius: 0.75rem;
  pointer-events: none;
}

.c6:hover,
.c6:active,
.c6:focus {
  -webkit-animation-duration: 0.4s;
  animation-duration: 0.4s;
  -webkit-animation-name: cMFrpC;
  animation-name: cMFrpC;
}

.c7 {
  display: inline-block;
  padding-top: 0.1rem;
  border-radius: 0.25rem;
  color: #44aeff;
  font-size: 2.6rem;
  line-height: 1.2;
  font-weight: bold;
}

.c11 {
  display: inline-block;
  border-radius: 0.25rem;
  font-weight: bold;
  -webkit-text-decoration: none;
  text-decoration: none;
  position: relative;
  color: white;
  fill: white;
}

.c11:focus-visible {
  position: relative;
  outline: none !important;
}

.c11:focus-visible::after {
  position: absolute;
  top: -0.35rem;
  right: -0.35rem;
  bottom: -0.35rem;
  left: -0.35rem;
  content: '';
  display: block;
  border: solid #44aeff 0.2rem;
  border-radius: 0.75rem;
  pointer-events: none;
}

.c11:hover {
  color: white;
  fill: white;
}

.c12 {
  margin: 0;
}

.c14 {
  display: -webkit-box;
  display: -webkit-flex;
  display: -ms-flexbox;
  display: flex;
  width: 100%;
  -webkit-flex-direction: row;
  -ms-flex-direction: row;
  flex-direction: row;
  -webkit-flex-wrap: wrap;
  -ms-flex-wrap: wrap;
  flex-wrap: wrap;
  -webkit-box-pack: space-around;
  -webkit-justify-content: space-around;
  -ms-flex-pack: space-around;
  justify-content: space-around;
  max-width: 45rem;
  margin: auto;
}

.c15 > * {
  margin: 0.5rem 0.5rem 0 0.5rem;
  display: -webkit-box;
  display: -webkit-flex;
  display: -ms-flexbox;
  display: flex;
  -webkit-flex-direction: column;
  -ms-flex-direction: column;
  flex-direction: column;
  -webkit-align-items: center;
  -webkit-box-align: center;
  -ms-flex-align: center;
  align-items: center;
}

.c9 {
  display: inline-block;
  margin-bottom: 0;
  padding-bottom: 0;
  line-height: 1.5;
  margin-top: 2rem;
}

.c9:first-of-type {
  margin-top: 0.86rem;
}

.c10 {
  display: -webkit-box;
  display: -webkit-flex;
  display: -ms-flexbox;
  display: flex;
  width: 100%;
  margin-top: 0.5rem;
  -webkit-flex-direction: row;
  -ms-flex-direction: row;
  flex-direction: row;
  -webkit-box-pack: center;
  -webkit-justify-content: center;
  -ms-flex-pack: center;
  justify-content: center;
  -webkit-align-items: center;
  -webkit-box-align: center;
  -ms-flex-align: center;
  align-items: center;
}

.c13 {
  display: inline-block;
  width: 100%;
  max-width: 2.3rem;
  height: 100%;
  max-height: 2.3rem;
  padding: 0 0.5rem 0 0.2rem;
  -webkit-filter: brightness(0) invert(1);
  filter: brightness(0) invert(1);
}

.c13:hover {
  -webkit-filter: brightness(0) invert(1) opacity(70%);
  filter: brightness(0) invert(1) opacity(70%);
}

.c3 {
  display: -webkit-box;
  display: -webkit-flex;
  display: -ms-flexbox;
  display: flex;
  padding: 2rem 1rem;
  -webkit-flex-direction: column;
  -ms-flex-direction: column;
  flex-direction: column;
  -webkit-box-pack: space-around;
  -webkit-justify-content: space-around;
  -ms-flex-pack: space-around;
  justify-content: space-around;
  border-top: solid #1e1e1e 0.15rem;
  background-color: #1e1e1e;
  background-position: center;
  background-size: cover;
  color: #ffffff;
}

.c5 {
  text-align: center;
}

.c8 {
  text-align: center;
}

.c0 {
  width: 100%;
}

.c1 {
  -webkit-flex: 1 1 auto;
  -ms-flex: 1 1 auto;
  flex: 1 1 auto;
}

.c2 {
  padding-top: 0;
  opacity: 1;
  -webkit-transition: all 0.4s ease-in-out;
  transition: all 0.4s ease-in-out;
}

@media (min-width:50.25rem) {
  .c4 {
    padding-right: unset;
    padding-left: unset;
    -webkit-align-items: unset;
    -webkit-box-align: unset;
    -ms-flex-align: unset;
    align-items: unset;
  }
}

@media (prefers-color-scheme:dark) {
  .c6:focus-visible::after {
    border-color: #ffffff;
  }
}

@media (min-width:32.25rem) {
  .c7 {
    font-size: 3rem;
  }
}

@media (prefers-color-scheme:dark) {
  .c7 {
    color: #ffffff;
  }
}

@media (prefers-color-scheme:dark) {
  .c11:focus-visible::after {
    border-color: #ffffff;
  }
}

@media (prefers-color-scheme:dark) {
  .c11 {
    color: white;
    fill: white;
  }

  .c11:hover {
    color: white;
    fill: white;
  }
}

@media (min-width:32.25rem) {
  .c3 {
    padding: 2rem 2rem;
  }
}

@media (prefers-color-scheme:dark) {
  .c3 {
    border-top: solid #44aeff 0.15rem;
    background-color: #050d1b;
  }
}

<div>
  <main
    class="c0 c1"
    id="main"
  >
    <div>
      some text
    </div>
  </main>
  <div>
    <style>
      .js .animated-content__wrapper--hidden {
  opacity: 0.01;
}
    </style>
    <div
      class="c2 animated-content__wrapper--hidden"
    >
      <footer
        class="c3"
        id="footer"
      >
        <div
          class="c4 c5"
        >
          <a
            class="c6"
            href="/"
          >
            <span
              aria-label="Home page"
              class="c7"
            >
              G
            </span>
          </a>
        </div>
        <div
          class="c8"
        >
          <span
            class="c9 c10"
          >
            Built in
            <a
              class="c11"
              href="https://reactjs.org/"
              rel="noopener noreferrer"
              target="_blank"
            >
              <span
                class="c12"
              >
                <img
                  alt="React"
                  class="c13"
                  height="5"
                  width="5"
                />
              </span>
            </a>
            with
            <a
              class="c11"
              href="https://redux.js.org/"
              rel="noopener noreferrer"
              target="_blank"
            >
              <span
                class="c12"
              >
                <img
                  alt="Redux"
                  class="c13"
                  height="5"
                  width="5"
                />
              </span>
            </a>
            Hosted on
            <a
              class="c11"
              href="https://aws.amazon.com/"
              rel="noopener noreferrer"
              target="_blank"
            >
              <span
                class="c12"
              >
                <img
                  alt="Amazon Web Services"
                  class="c13"
                  height="5"
                  style="margin-top: .8rem; max-width: 2.9rem;"
                  width="8.28"
                />
              </span>
            </a>
          </span>
        </div>
        <div
          class="c14 "
        >
          <div
            class="c15"
          >
            <a
              class="c11"
              href="/blog"
            >
              <span
                class="c12"
              >
                Blog
              </span>
            </a>
            <a
              class="c11"
              href="/photography"
            >
              <span
                class="c12"
              >
                Photography
              </span>
            </a>
            <a
              class="c11"
              href="/reading-list"
            >
              <span
                class="c12"
              >
                Reading list
              </span>
            </a>
            <a
              class="c11"
              href="/races"
            >
              <span
                class="c12"
              >
                Races
              </span>
            </a>
            <a
              class="c11"
              href="/work"
            >
              <span
                class="c12"
              >
                Work
              </span>
            </a>
          </div>
          <div
            class="c15"
          >
            <a
              class="c11"
              href="/contact"
            >
              <span
                class="c12"
              >
                Contact
              </span>
            </a>
            <a
              class="c11"
              href="/sitemap"
            >
              <span
                class="c12"
              >
                Site map
              </span>
            </a>
            <a
              class="c11"
              href="/privacy-policy"
            >
              <span
                class="c12"
              >
                Privacy
              </span>
            </a>
            <a
              class="c11"
              href="/login"
            >
              <span
                class="c12"
              >
                Login/Account
              </span>
            </a>
            <a
              class="c11"
              href="/status"
            >
              <span
                class="c12"
              >
                Status
              </span>
            </a>
          </div>
        </div>
      </footer>
    </div>
  </div>
</div>
`;

exports[`<Layout /> Should render correctly with spread props 1`] = `
.c4 {
  display: -webkit-box;
  display: -webkit-flex;
  display: -ms-flexbox;
  display: flex;
  padding-bottom: 1rem;
  -webkit-flex-direction: column;
  -ms-flex-direction: column;
  flex-direction: column;
  -webkit-transition: -webkit-transform 0.2s;
  -webkit-transition: transform 0.2s;
  transition: transform 0.2s;
  border-radius: 0.25rem;
  outline: none;
  padding-right: 2rem;
  padding-left: 2rem;
  -webkit-align-items: center;
  -webkit-box-align: center;
  -ms-flex-align: center;
  align-items: center;
  -webkit-align-items: center;
  -webkit-box-align: center;
  -ms-flex-align: center;
  align-items: center;
  padding: 0;
}

.c6 {
  border-radius: 0.25rem;
}

.c6:focus-visible {
  position: relative;
  outline: none !important;
}

.c6:focus-visible::after {
  position: absolute;
  top: -0.35rem;
  right: -0.35rem;
  bottom: -0.35rem;
  left: -0.35rem;
  content: '';
  display: block;
  border: solid #44aeff 0.2rem;
  border-radius: 0.75rem;
  pointer-events: none;
}

.c6:hover,
.c6:active,
.c6:focus {
  -webkit-animation-duration: 0.4s;
  animation-duration: 0.4s;
  -webkit-animation-name: cMFrpC;
  animation-name: cMFrpC;
}

.c7 {
  display: inline-block;
  padding-top: 0.1rem;
  border-radius: 0.25rem;
  color: #44aeff;
  font-size: 2.6rem;
  line-height: 1.2;
  font-weight: bold;
}

.c11 {
  display: inline-block;
  border-radius: 0.25rem;
  font-weight: bold;
  -webkit-text-decoration: none;
  text-decoration: none;
  position: relative;
  color: white;
  fill: white;
}

.c11:focus-visible {
  position: relative;
  outline: none !important;
}

.c11:focus-visible::after {
  position: absolute;
  top: -0.35rem;
  right: -0.35rem;
  bottom: -0.35rem;
  left: -0.35rem;
  content: '';
  display: block;
  border: solid #44aeff 0.2rem;
  border-radius: 0.75rem;
  pointer-events: none;
}

.c11:hover {
  color: white;
  fill: white;
}

.c12 {
  margin: 0;
}

.c14 {
  display: -webkit-box;
  display: -webkit-flex;
  display: -ms-flexbox;
  display: flex;
  width: 100%;
  -webkit-flex-direction: row;
  -ms-flex-direction: row;
  flex-direction: row;
  -webkit-flex-wrap: wrap;
  -ms-flex-wrap: wrap;
  flex-wrap: wrap;
  -webkit-box-pack: space-around;
  -webkit-justify-content: space-around;
  -ms-flex-pack: space-around;
  justify-content: space-around;
  max-width: 45rem;
  margin: auto;
}

.c15 > * {
  margin: 0.5rem 0.5rem 0 0.5rem;
  display: -webkit-box;
  display: -webkit-flex;
  display: -ms-flexbox;
  display: flex;
  -webkit-flex-direction: column;
  -ms-flex-direction: column;
  flex-direction: column;
  -webkit-align-items: center;
  -webkit-box-align: center;
  -ms-flex-align: center;
  align-items: center;
}

.c9 {
  display: inline-block;
  margin-bottom: 0;
  padding-bottom: 0;
  line-height: 1.5;
  margin-top: 2rem;
}

.c9:first-of-type {
  margin-top: 0.86rem;
}

.c10 {
  display: -webkit-box;
  display: -webkit-flex;
  display: -ms-flexbox;
  display: flex;
  width: 100%;
  margin-top: 0.5rem;
  -webkit-flex-direction: row;
  -ms-flex-direction: row;
  flex-direction: row;
  -webkit-box-pack: center;
  -webkit-justify-content: center;
  -ms-flex-pack: center;
  justify-content: center;
  -webkit-align-items: center;
  -webkit-box-align: center;
  -ms-flex-align: center;
  align-items: center;
}

.c13 {
  display: inline-block;
  width: 100%;
  max-width: 2.3rem;
  height: 100%;
  max-height: 2.3rem;
  padding: 0 0.5rem 0 0.2rem;
  -webkit-filter: brightness(0) invert(1);
  filter: brightness(0) invert(1);
}

.c13:hover {
  -webkit-filter: brightness(0) invert(1) opacity(70%);
  filter: brightness(0) invert(1) opacity(70%);
}

.c3 {
  display: -webkit-box;
  display: -webkit-flex;
  display: -ms-flexbox;
  display: flex;
  padding: 2rem 1rem;
  -webkit-flex-direction: column;
  -ms-flex-direction: column;
  flex-direction: column;
  -webkit-box-pack: space-around;
  -webkit-justify-content: space-around;
  -ms-flex-pack: space-around;
  justify-content: space-around;
  border-top: solid #1e1e1e 0.15rem;
  background-color: #1e1e1e;
  background-position: center;
  background-size: cover;
  color: #ffffff;
}

.c5 {
  text-align: center;
}

.c8 {
  text-align: center;
}

.c0 {
  width: 100%;
}

.c1 {
  -webkit-flex: 1 1 auto;
  -ms-flex: 1 1 auto;
  flex: 1 1 auto;
}

.c2 {
  padding-top: 0;
  opacity: 1;
  -webkit-transition: all 0.4s ease-in-out;
  transition: all 0.4s ease-in-out;
}

@media (min-width:50.25rem) {
  .c4 {
    padding-right: unset;
    padding-left: unset;
    -webkit-align-items: unset;
    -webkit-box-align: unset;
    -ms-flex-align: unset;
    align-items: unset;
  }
}

@media (prefers-color-scheme:dark) {
  .c6:focus-visible::after {
    border-color: #ffffff;
  }
}

@media (min-width:32.25rem) {
  .c7 {
    font-size: 3rem;
  }
}

@media (prefers-color-scheme:dark) {
  .c7 {
    color: #ffffff;
  }
}

@media (prefers-color-scheme:dark) {
  .c11:focus-visible::after {
    border-color: #ffffff;
  }
}

@media (prefers-color-scheme:dark) {
  .c11 {
    color: white;
    fill: white;
  }

  .c11:hover {
    color: white;
    fill: white;
  }
}

@media (min-width:32.25rem) {
  .c3 {
    padding: 2rem 2rem;
  }
}

@media (prefers-color-scheme:dark) {
  .c3 {
    border-top: solid #44aeff 0.15rem;
    background-color: #050d1b;
  }
}

<div>
  <main
    class="c0 c1"
    id="main"
  >
    <div>
      some text
    </div>
  </main>
  <div>
    <style>
      .js .animated-content__wrapper--hidden {
  opacity: 0.01;
}
    </style>
    <div
      class="c2 animated-content__wrapper--hidden"
    >
      <footer
        class="c3"
        id="footer"
      >
        <div
          class="c4 c5"
        >
          <a
            class="c6"
            href="/"
          >
            <span
              aria-label="Home page"
              class="c7"
            >
              G
            </span>
          </a>
        </div>
        <div
          class="c8"
        >
          <span
            class="c9 c10"
          >
            Built in
            <a
              class="c11"
              href="https://reactjs.org/"
              rel="noopener noreferrer"
              target="_blank"
            >
              <span
                class="c12"
              >
                <img
                  alt="React"
                  class="c13"
                  height="5"
                  width="5"
                />
              </span>
            </a>
            with
            <a
              class="c11"
              href="https://redux.js.org/"
              rel="noopener noreferrer"
              target="_blank"
            >
              <span
                class="c12"
              >
                <img
                  alt="Redux"
                  class="c13"
                  height="5"
                  width="5"
                />
              </span>
            </a>
            Hosted on
            <a
              class="c11"
              href="https://aws.amazon.com/"
              rel="noopener noreferrer"
              target="_blank"
            >
              <span
                class="c12"
              >
                <img
                  alt="Amazon Web Services"
                  class="c13"
                  height="5"
                  style="margin-top: .8rem; max-width: 2.9rem;"
                  width="8.28"
                />
              </span>
            </a>
          </span>
        </div>
        <div
          class="c14 "
        >
          <div
            class="c15"
          >
            <a
              class="c11"
              href="/blog"
            >
              <span
                class="c12"
              >
                Blog
              </span>
            </a>
            <a
              class="c11"
              href="/photography"
            >
              <span
                class="c12"
              >
                Photography
              </span>
            </a>
            <a
              class="c11"
              href="/reading-list"
            >
              <span
                class="c12"
              >
                Reading list
              </span>
            </a>
            <a
              class="c11"
              href="/races"
            >
              <span
                class="c12"
              >
                Races
              </span>
            </a>
            <a
              class="c11"
              href="/work"
            >
              <span
                class="c12"
              >
                Work
              </span>
            </a>
          </div>
          <div
            class="c15"
          >
            <a
              class="c11"
              href="/contact"
            >
              <span
                class="c12"
              >
                Contact
              </span>
            </a>
            <a
              class="c11"
              href="/sitemap"
            >
              <span
                class="c12"
              >
                Site map
              </span>
            </a>
            <a
              class="c11"
              href="/privacy-policy"
            >
              <span
                class="c12"
              >
                Privacy
              </span>
            </a>
            <a
              class="c11"
              href="/login"
            >
              <span
                class="c12"
              >
                Login/Account
              </span>
            </a>
            <a
              class="c11"
              href="/status"
            >
              <span
                class="c12"
              >
                Status
              </span>
            </a>
          </div>
        </div>
      </footer>
    </div>
  </div>
</div>
`;
