// Jest Snapshot v1, https://goo.gl/fbAQLP

exports[`<HomePage /> should render correctly 1`] = `
<div>
  <main
    class="page-container__container common-layout__grow"
    id="main"
  >
    <div
      class="sc-bczRLJ gmscGQ page-containerstyles__StyledPageContainer-sc-19l7k4-0"
      width="default"
    >
      <h1
        class="sc-gsnTZi hUDWSp sc-kDDrLX cCIGfN"
      >
        Hey! I'm George.
      </h1>
      <div
        class="home__work-section"
      >
        <div
          class="work-section__outer"
        >
          <div
            class="work-section__content"
          >
            <div
              class="sc-evZas fjRNQE"
            >
              <h1
                class="sc-dkzDqf iBtyHU sc-hAZoDl VIrFO"
                id="work"
              >
                Work
              </h1>
              <span
                class="sc-crXcEl hyjoRq work-section__paragraph"
              >
                I'm a web developer at
                 
                <a
                  aria-label="Typeform (opens in a new tab)"
                  class="sc-ftvSup bvTsjB"
                  href="https://typeform.com/"
                  rel="noopener noreferrer"
                  target="_blank"
                >
                  Typeform
                  <div
                    class="sc-papXJ ecwnCf"
                  >
                    <svg
                      class="sc-iBkjds eZahvc sc-jqUVSM fjeMmK"
                      height="18"
                      viewBox="0 0 24 24"
                      width="18"
                      xmlns="http://www.w3.org/2000/svg"
                    >
                      <path
                        d="M12.5 11.3c.4.4 1 .4 1.4 0L19 6.2V9c0 .6.4 1 1 1s1-.4 1-1V4c0-.6-.4-1-1-1h-5c-.6 0-1 .4-1 1s.4 1 1 1h2.4l-4.9 4.9c-.4.4-.4 1 0 1.4zM19 19c0 1.1-.9 2-2 2H5c-1.1 0-2-.9-2-2V7c0-1.1.9-2 2-2h7v2H5v12h12v-7h2"
                      />
                    </svg>
                  </div>
                </a>
                 
                .
                <br />
                I’m also an accessibility champion and design system enthusiast.
                <br />
                <a
                  class="sc-ftvSup bvTsjB"
                  href="/work"
                >
                  Learn more about my work
                </a>
              </span>
            </div>
          </div>
          <div
            class="phones__outer work-section__graphic"
          >
            <div
              class="sliding-phone__outer phones__phone"
            >
              <div
                class="sc-bjUoiL limWoi sliding-phone__image sliding-phone__image--hide"
              >
                <style>
                  .js .gg-image__img--hide {opacity: 0;}
                </style>
                <div
                  class="sc-idiyUo flPZkA"
                  style="padding-bottom: 197.80876494023903%;"
                >
                  <div
                    class="sc-dIouRR jXlTzS"
                  >
                    <div
                      class="sc-fnykZs bVJbtJ sc-hHLeRK buIQzs"
                    >
                      <div
                        class="sc-fEOsli jwVbEY"
                        style="margin-left: -0px;"
                      />
                    </div>
                  </div>
                  <img
                    alt="A screenshot of our Backpack design principles"
                    class="sc-dmRaPn fGUcdG  gg-image__img--hide"
                    src="IMAGE_MOCK"
                  />
                  <img
                    alt="A screenshot of our Backpack design principles"
                    class="sc-kgflAQ kSJlNq  gg-image__img--hide"
                    src="IMAGE_MOCK"
                  />
                </div>
              </div>
            </div>
            <div
              class="sliding-phone__outer phones__phone"
            >
              <div
                class="sc-bjUoiL limWoi sliding-phone__image sliding-phone__image--hide"
              >
                <style>
                  .js .gg-image__img--hide {opacity: 0;}
                </style>
                <div
                  class="sc-idiyUo flPZkA"
                  style="padding-bottom: 197.80876494023903%;"
                >
                  <div
                    class="sc-dIouRR jXlTzS"
                  >
                    <div
                      class="sc-fnykZs bVJbtJ sc-hHLeRK buIQzs"
                    >
                      <div
                        class="sc-fEOsli jwVbEY"
                        style="margin-left: -0px;"
                      />
                    </div>
                  </div>
                  <img
                    alt="A screenshot of our bar chart component on iOS"
                    class="sc-dmRaPn fGUcdG  gg-image__img--hide"
                    src="IMAGE_MOCK"
                  />
                  <img
                    alt="A screenshot of our bar chart component on iOS"
                    class="sc-kgflAQ kSJlNq  gg-image__img--hide"
                    src="IMAGE_MOCK"
                  />
                </div>
              </div>
            </div>
            <div
              class="sliding-phone__outer phones__phone"
            >
              <div
                class="sc-bjUoiL limWoi sliding-phone__image sliding-phone__image--hide"
              >
                <style>
                  .js .gg-image__img--hide {opacity: 0;}
                </style>
                <div
                  class="sc-idiyUo flPZkA"
                  style="padding-bottom: 197.80876494023903%;"
                >
                  <div
                    class="sc-dIouRR jXlTzS"
                  >
                    <div
                      class="sc-fnykZs bVJbtJ sc-hHLeRK buIQzs"
                    >
                      <div
                        class="sc-fEOsli jwVbEY"
                        style="margin-left: -0px;"
                      />
                    </div>
                  </div>
                  <img
                    alt="A screenshot of our flare view component on web"
                    class="sc-dmRaPn fGUcdG  gg-image__img--hide"
                    src="IMAGE_MOCK"
                  />
                  <img
                    alt="A screenshot of our flare view component on web"
                    class="sc-kgflAQ kSJlNq  gg-image__img--hide"
                    src="IMAGE_MOCK"
                  />
                </div>
              </div>
            </div>
          </div>
        </div>
      </div>
      <div
        class="home__life-section"
      >
        <div
          class="life-section__outer"
        >
          <div
            class="sc-bjUoiL limWoi life-section__image-above-tablet life-section__image-above-tablet--left"
            style="margin-top: 2.6rem; transform: rotate(-10.6deg);"
          >
            <style>
              .js .gg-image__img--hide {opacity: 0;}
            </style>
            <div
              class="sc-idiyUo flPZkA"
              style="padding-bottom: 150%;"
            >
              <div
                class="sc-dIouRR jXlTzS"
              >
                <div
                  class="sc-fnykZs bVJbtJ sc-hHLeRK buIQzs"
                >
                  <div
                    class="sc-fEOsli jwVbEY"
                    style="margin-left: -0px;"
                  />
                </div>
              </div>
              <img
                alt=""
                class="sc-dmRaPn fGUcdG  gg-image__img--hide"
                src="IMAGE_MOCK"
              />
              <img
                alt=""
                class="sc-kgflAQ kSJlNq  gg-image__img--hide"
                src="IMAGE_MOCK"
              />
            </div>
          </div>
          <div
            class="life-section__content"
          >
            <div
              class="sc-evZas fjRNQE"
            >
              <h1
                class="sc-dkzDqf iBtyHU sc-hAZoDl VIrFO"
                id="life"
              >
                Life
              </h1>
              <span
                class="sc-crXcEl hyjoRq life-section__paragraph"
              >
                I love travel and photography, and occasionally write other stuff.
                <br />
                <a
                  class="sc-ftvSup bvTsjB"
                  href="/blog"
                >
                  Blog
                </a>
                <br />
                <a
                  class="sc-ftvSup bvTsjB"
                  href="/photography"
                >
                  Photography
                </a>
              </span>
            </div>
            <span
              class="sc-crXcEl hyjoRq life-section__paragraph"
            >
              I got engaged recently in Iceland, and live with my amazing fiancée and Tigger the cat.
            </span>
          </div>
          <div
            class="sc-bjUoiL limWoi life-section__image-above-tablet life-section__image-above-tablet--right"
            style="margin-top: -0.39999999999999947rem; transform: rotate(4.6deg);"
          >
            <style>
              .js .gg-image__img--hide {opacity: 0;}
            </style>
            <div
              class="sc-idiyUo flPZkA"
              style="padding-bottom: 66.66666666666667%;"
            >
              <div
                class="sc-dIouRR jXlTzS"
              >
                <div
                  class="sc-fnykZs bVJbtJ sc-hHLeRK buIQzs"
                >
                  <div
                    class="sc-fEOsli jwVbEY"
                    style="margin-left: -0px;"
                  />
                </div>
              </div>
              <img
                alt=""
                class="sc-dmRaPn fGUcdG  gg-image__img--hide"
                src="IMAGE_MOCK"
              />
              <img
                alt=""
                class="sc-kgflAQ kSJlNq  gg-image__img--hide"
                src="IMAGE_MOCK"
              />
            </div>
          </div>
          <div
            class="life-section__mobile-image-container"
          >
            <div
              class="life-section__mobile-image-wrapper life-section__mobile-image-wrapper--left"
            >
              <div
                class="sc-bjUoiL limWoi life-section__image-below-tablet life-section__image-below-tablet--left"
              >
                <style>
                  .js .gg-image__img--hide {opacity: 0;}
                </style>
                <div
                  class="sc-idiyUo flPZkA"
                  style="padding-bottom: 150%;"
                >
                  <div
                    class="sc-dIouRR jXlTzS"
                  >
                    <div
                      class="sc-fnykZs bVJbtJ sc-hHLeRK buIQzs"
                    >
                      <div
                        class="sc-fEOsli jwVbEY"
                        style="margin-left: -0px;"
                      />
                    </div>
                  </div>
                  <img
                    alt=""
                    class="sc-dmRaPn fGUcdG  gg-image__img--hide"
                    src="IMAGE_MOCK"
                  />
                  <img
                    alt=""
                    class="sc-kgflAQ kSJlNq  gg-image__img--hide"
                    src="IMAGE_MOCK"
                  />
                </div>
              </div>
            </div>
            <div
              class="life-section__mobile-image-wrapper life-section__mobile-image-wrapper--right"
            >
              <div
                class="sc-bjUoiL limWoi life-section__image-below-tablet life-section__image-below-tablet--right"
              >
                <style>
                  .js .gg-image__img--hide {opacity: 0;}
                </style>
                <div
                  class="sc-idiyUo flPZkA"
                  style="padding-bottom: 66.66666666666667%;"
                >
                  <div
                    class="sc-dIouRR jXlTzS"
                  >
                    <div
                      class="sc-fnykZs bVJbtJ sc-hHLeRK buIQzs"
                    >
                      <div
                        class="sc-fEOsli jwVbEY"
                        style="margin-left: -0px;"
                      />
                    </div>
                  </div>
                  <img
                    alt=""
                    class="sc-dmRaPn fGUcdG  gg-image__img--hide"
                    src="IMAGE_MOCK"
                  />
                  <img
                    alt=""
                    class="sc-kgflAQ kSJlNq  gg-image__img--hide"
                    src="IMAGE_MOCK"
                  />
                </div>
              </div>
            </div>
          </div>
        </div>
      </div>
      <div
        class="home__photo-section"
      >
        <div
          class="photo-section__outer"
        >
          <div
            class="photo-section__content"
          >
            <div
              class="animated-image__outer"
            >
              <div
                class="sc-bjUoiL limWoi animated-image__image animated-image__image--hide"
              >
                <style>
                  .js .gg-image__img--hide {opacity: 0;}
                </style>
                <div
                  class="sc-idiyUo flPZkA"
                  style="padding-bottom: 70.79494321834154%;"
                >
                  <div
                    class="sc-dIouRR jXlTzS"
                  >
                    <div
                      class="sc-fnykZs bVJbtJ sc-hHLeRK buIQzs"
                    >
                      <div
                        class="sc-fEOsli jwVbEY"
                        style="margin-left: -0px;"
                      />
                    </div>
                  </div>
                  <img
                    alt="Me"
                    class="sc-dmRaPn fGUcdG  gg-image__img--hide"
                    src="https://i.imgur.com/L0Rm1ZC.jpg"
                  />
                  <img
                    alt="Me"
                    class="sc-kgflAQ kSJlNq  gg-image__img--hide"
                    src="https://i.imgur.com/L0Rm1ZC.jpg"
                  />
                </div>
              </div>
            </div>
          </div>
        </div>
      </div>
      <div
        class="home__about-section"
      >
        <div
          class="about-section__outer"
        >
          <span
            class="sc-crXcEl hyjoRq about-section__paragraph"
          >
            This site is built in
             
            <a
              aria-label="React (opens in a new tab)"
              class="sc-ftvSup bvTsjB"
              href="https://reactjs.org/"
              rel="noopener noreferrer"
              target="_blank"
            >
              React
              <div
                class="sc-papXJ ecwnCf"
              >
                <svg
                  class="sc-iBkjds eZahvc sc-jqUVSM fjeMmK"
                  height="18"
                  viewBox="0 0 24 24"
                  width="18"
                  xmlns="http://www.w3.org/2000/svg"
                >
                  <path
                    d="M12.5 11.3c.4.4 1 .4 1.4 0L19 6.2V9c0 .6.4 1 1 1s1-.4 1-1V4c0-.6-.4-1-1-1h-5c-.6 0-1 .4-1 1s.4 1 1 1h2.4l-4.9 4.9c-.4.4-.4 1 0 1.4zM19 19c0 1.1-.9 2-2 2H5c-1.1 0-2-.9-2-2V7c0-1.1.9-2 2-2h7v2H5v12h12v-7h2"
                  />
                </svg>
              </div>
            </a>
             
            and
             
            <a
              aria-label="Redux (opens in a new tab)"
              class="sc-ftvSup bvTsjB"
              href="https://redux.js.org/"
              rel="noopener noreferrer"
              target="_blank"
            >
              Redux
              <div
                class="sc-papXJ ecwnCf"
              >
                <svg
                  class="sc-iBkjds eZahvc sc-jqUVSM fjeMmK"
                  height="18"
                  viewBox="0 0 24 24"
                  width="18"
                  xmlns="http://www.w3.org/2000/svg"
                >
                  <path
                    d="M12.5 11.3c.4.4 1 .4 1.4 0L19 6.2V9c0 .6.4 1 1 1s1-.4 1-1V4c0-.6-.4-1-1-1h-5c-.6 0-1 .4-1 1s.4 1 1 1h2.4l-4.9 4.9c-.4.4-.4 1 0 1.4zM19 19c0 1.1-.9 2-2 2H5c-1.1 0-2-.9-2-2V7c0-1.1.9-2 2-2h7v2H5v12h12v-7h2"
                  />
                </svg>
              </div>
            </a>
             
            taking advantage of
             
            <a
              aria-label="Next.js (opens in a new tab)"
              class="sc-ftvSup bvTsjB"
              href="https://nextjs.org/"
              rel="noopener noreferrer"
              target="_blank"
            >
              Next.js
              <div
                class="sc-papXJ ecwnCf"
              >
                <svg
                  class="sc-iBkjds eZahvc sc-jqUVSM fjeMmK"
                  height="18"
                  viewBox="0 0 24 24"
                  width="18"
                  xmlns="http://www.w3.org/2000/svg"
                >
                  <path
                    d="M12.5 11.3c.4.4 1 .4 1.4 0L19 6.2V9c0 .6.4 1 1 1s1-.4 1-1V4c0-.6-.4-1-1-1h-5c-.6 0-1 .4-1 1s.4 1 1 1h2.4l-4.9 4.9c-.4.4-.4 1 0 1.4zM19 19c0 1.1-.9 2-2 2H5c-1.1 0-2-.9-2-2V7c0-1.1.9-2 2-2h7v2H5v12h12v-7h2"
                  />
                </svg>
              </div>
            </a>
            . I serve it from an EC2 container on
             
            <a
              aria-label="AWS (opens in a new tab)"
              class="sc-ftvSup bvTsjB"
              href="https://aws.amazon.com/"
              rel="noopener noreferrer"
              target="_blank"
            >
              AWS
              <div
                class="sc-papXJ ecwnCf"
              >
                <svg
                  class="sc-iBkjds eZahvc sc-jqUVSM fjeMmK"
                  height="18"
                  viewBox="0 0 24 24"
                  width="18"
                  xmlns="http://www.w3.org/2000/svg"
                >
                  <path
                    d="M12.5 11.3c.4.4 1 .4 1.4 0L19 6.2V9c0 .6.4 1 1 1s1-.4 1-1V4c0-.6-.4-1-1-1h-5c-.6 0-1 .4-1 1s.4 1 1 1h2.4l-4.9 4.9c-.4.4-.4 1 0 1.4zM19 19c0 1.1-.9 2-2 2H5c-1.1 0-2-.9-2-2V7c0-1.1.9-2 2-2h7v2H5v12h12v-7h2"
                  />
                </svg>
              </div>
            </a>
            . I use it to experiment with things, share stuff I've figured out, and allow people to contact me.
          </span>
          <div
            class="contact-link__outer"
          >
            <div
              class="contact-link__content"
            >
              <a
                class="sc-ftvSup bvTsjB contact-link__link"
                href="/contact"
              >
                Get in touch
              </a>
              <div
                class="contact-link__cloud"
                style="left: 300%;"
              />
            </div>
          </div>
        </div>
      </div>
    </div>
  </main>
  <footer
    class="footerstyles__Container-sc-ojjd19-0 beXJfO"
    id="footer"
  >
    <div
      class="logo__container footerstyles__StyledLogo-sc-ojjd19-1 dHUBSN logo__container--centred logo__container--no-padding"
    >
      <a
        class="logo__a"
        href="/"
      >
        <h1
          aria-label="Home page"
          class="logo__heading logo__heading--no-padding"
          role="button"
        >
          G
        </h1>
      </a>
    </div>
    <div
      class="footerstyles__StyledTechSpecs-sc-ojjd19-2 hLmmol"
    >
      <span
        class="sc-crXcEl hyjoRq tech-specsstyles__StyledParagraph-sc-1ysn53a-0 glkFZI"
      >
        Built in
        <a
          href="https://reactjs.org/"
          rel="noopener noreferrer"
          target="_blank"
        >
          <img
            alt="React"
            class="tech-specsstyles__Icon-sc-1ysn53a-1 fVaLbn"
            height="5"
            src="IMAGE_MOCK"
            width="5"
          />
        </a>
        and
        <a
          href="https://redux.js.org/"
          rel="noopener noreferrer"
          target="_blank"
        >
          <img
            alt="Redux"
            class="tech-specsstyles__Icon-sc-1ysn53a-1 fVaLbn"
            height="5"
            src="IMAGE_MOCK"
            width="5"
          />
        </a>
        Hosted on
        <a
          href="https://aws.amazon.com/"
          rel="noopener noreferrer"
          target="_blank"
        >
          <img
            alt="Amazon Web Services"
            class="tech-specsstyles__Icon-sc-1ysn53a-1 fVaLbn"
            height="5"
            src="IMAGE_MOCK"
            style="margin-top: .8rem; max-width: 2.9rem;"
            width="8.28"
          />
        </a>
      </span>
    </div>
    <div
      class="footer-navstyles__Wrapper-sc-7lmnsj-0 kTnJQq footerstyles__StyledFooterNav-sc-ojjd19-3"
    >
      <div
        class="footer-navstyles__Section-sc-7lmnsj-1 iFmILp"
      >
        <a
          class="sc-ftvSup dMEDbl"
          href="/blog"
        >
          Blog
        </a>
        <a
          class="sc-ftvSup dMEDbl"
          href="/photography"
        >
          Photography
        </a>
        <a
          class="sc-ftvSup dMEDbl"
          href="/work"
        >
          Work
        </a>
        <a
          class="sc-ftvSup dMEDbl"
          href="/contact"
        >
          Contact
        </a>
      </div>
      <div
        class="footer-navstyles__Section-sc-7lmnsj-1 iFmILp"
      >
        <a
          class="sc-ftvSup dMEDbl"
          href="/sitemap"
        >
          Site map
        </a>
        <a
          class="sc-ftvSup dMEDbl"
          href="/privacy-policy"
        >
          Privacy
        </a>
        <a
          class="sc-ftvSup dMEDbl"
          href="/login"
        >
          Login/Account
        </a>
        <a
          class="sc-ftvSup dMEDbl"
          href="/status"
        >
          Status
        </a>
      </div>
    </div>
  </footer>
</div>
`;
