// Jest Snapshot v1, https://goo.gl/fbAQLP

exports[`<Card /> Should render correctly 1`] = `
<div>
  <div
    class="sc-dkrFOg issWQp"
  >
    <div
      class="sc-hLBbgP ePknQl"
    />
    <div
      class="sc-eDvSVe dgcnrq"
    />
  </div>
</div>
`;

exports[`<Card /> Should render correctly hrefExternal 1`] = `
<div>
  <div
    class="sc-dkrFOg issWQp"
  >
    <div
      class="sc-hLBbgP ePknQl"
    />
    <div
      class="sc-eDvSVe dgcnrq"
    />
  </div>
</div>
`;

exports[`<Card /> Should render correctly with custom className 1`] = `
<div>
  <div
    class="sc-dkrFOg issWQp"
  >
    <div
      class="sc-hLBbgP ePknQl"
    />
    <div
      class="sc-eDvSVe dgcnrq"
    />
  </div>
</div>
`;

exports[`<Card /> Should render with nextified href 1`] = `
<div>
  <div
    class="sc-dkrFOg issWQp"
  >
    <div
      class="sc-hLBbgP ePknQl"
    />
    <div
      class="sc-eDvSVe dgcnrq"
    />
  </div>
</div>
`;
