// Jest Snapshot v1, https://goo.gl/fbAQLP

exports[`<LoggedInOnly /> Should render correctly 1`] = `
<div>
  <div
    class="sc-kDvujY jcGnlL"
  >
    <h1
      class="sc-dkrFOg dYiSba sc-eDWCr wULAC"
      id="logged-out"
    >
      Logged out
    </h1>
    <span
      class="sc-bcXHqe huaqIH"
    >
      You need to be logged in to 
      view this content
      <br />
      <a
        class="sc-ftTHYK cJafwd"
        href="/sign-up"
      >
        <span
          class="sc-jSUZER bjWoVS"
        >
          Register here - it's quick and easy.
        </span>
      </a>
      <br />
      <a
        class="sc-ftTHYK cJafwd"
        href="/login"
      >
        <span
          class="sc-jSUZER bjWoVS"
        >
          Already got an account? Log in here.
        </span>
      </a>
    </span>
  </div>
</div>
`;

exports[`<LoggedInOnly /> Should render correctly with user 1`] = `
<div>
  Test
</div>
`;
