// Jest Snapshot v1, https://goo.gl/fbAQLP

exports[`<LoggedOutOnly /> Should render correctly 1`] = `
<div>
  Test
</div>
`;

exports[`<LoggedOutOnly /> Should render correctly with user 1`] = `
<div>
  <div
    class="sc-kDvujY jcGnlL"
  >
    <h1
      class="sc-dkrFOg dYiSba sc-eDWCr wULAC"
      id="you're-logged-in"
    >
      You're logged in
    </h1>
    <a
      class="sc-ftTHYK cJafwd"
      href="/account"
    >
      <span
        class="sc-jSUZER bjWoVS"
      >
        Go to your account.
      </span>
    </a>
  </div>
</div>
`;
