// Jest Snapshot v1, https://goo.gl/fbAQLP

exports[`<LoginForm /> Should render correctly 1`] = `
.c8 {
  position: relative;
  min-width: 5rem;
  padding: 0.43rem 1.125rem 0.32rem 1.125rem;
  -webkit-transition: filter 0.3s;
  transition: filter 0.3s;
  border: none;
  border-radius: 0.5rem;
  font-size: 1.4rem;
  font-weight: normal;
  cursor: pointer;
  -webkit-text-decoration-color: transparent;
  text-decoration-color: transparent;
  -webkit-text-decoration-line: none;
  text-decoration-line: none;
  background-color: #0067B7;
  color: white;
  box-shadow: none;
}

.c8:focus-visible {
  outline: none !important;
}

.c8:focus-visible::after {
  position: absolute;
  top: -0.35rem;
  right: -0.35rem;
  bottom: -0.35rem;
  left: -0.35rem;
  content: '';
  display: block;
  border: solid #44aeff 0.2rem;
  border-radius: 0.75rem;
  pointer-events: none;
}

.c8:focus,
.c8:hover {
  background-color: #004F8C;
  color: white;
  box-shadow: none;
}

.c8:active {
  background-color: #003E6F;
  color: white;
}

.c8:disabled {
  background-color: #cdcdd7;
  color: #646464;
}

.c10 {
  display: -webkit-box;
  display: -webkit-flex;
  display: -ms-flexbox;
  display: flex;
  -webkit-box-pack: center;
  -webkit-justify-content: center;
  -ms-flex-pack: center;
  justify-content: center;
}

.c4 {
  width: 1.25rem;
  height: 1.25rem;
}

.c1 {
  display: -webkit-box;
  display: -webkit-flex;
  display: -ms-flexbox;
  display: flex;
  -webkit-align-items: center;
  -webkit-box-align: center;
  -ms-flex-align: center;
  align-items: center;
  border: 1px #b2b2bf solid;
  border-radius: 0.5rem;
  background-color: #ffffff;
}

.c1:focus-within,
.c1:focus-visible {
  position: relative;
  outline: none !important;
}

.c1:focus-within::after,
.c1:focus-visible::after {
  position: absolute;
  top: -0.35rem;
  right: -0.35rem;
  bottom: -0.35rem;
  left: -0.35rem;
  content: '';
  display: block;
  border: solid #44aeff 0.2rem;
  border-radius: 0.75rem;
  pointer-events: none;
}

.c6 {
  width: 1px;
  height: 1px;
  overflow: hidden;
  margin-left: -1px;
  margin-top: -1px;
}

.c9 {
  margin-bottom: 1rem;
  margin-top: 1rem;
}

.c2 {
  margin-bottom: 1rem;
  width: 100%;
  box-sizing: border-box;
}

.c0 {
  display: inline-block;
  width: 100%;
  margin: 0 0 0.375rem 0.1rem;
  color: #1e1e1e;
  font-size: 1rem;
  font-weight: bold;
}

.c7 {
  margin-bottom: 1rem;
  color: #1e1e1e;
}

.c3 {
  padding: 0.375rem 0.75rem;
  -webkit-box-flex: 1;
  -webkit-flex-grow: 1;
  -ms-flex-positive: 1;
  flex-grow: 1;
  border: none;
  outline: none;
  background-color: transparent;
  color: #1e1e1e;
  font-size: 1rem;
  border-radius: 0.4375rem;
}

.c3:disabled {
  color: #b2b2bf;
}

.c5 {
  margin-right: 0.5rem;
  color: #00a698;
  fill: #00a698;
}

@media (prefers-color-scheme:dark) {
  .c8:focus-visible::after {
    border-color: #ffffff;
  }
}

@media (prefers-color-scheme:dark) {
  .c8 {
    background-color: #025CA2;
    color: white;
    box-shadow: none;
  }
}

@media (prefers-color-scheme:dark) {
  .c8:focus,
  .c8:hover {
    background-color: #004479;
    color: white;
    box-shadow: none;
  }
}

@media (prefers-color-scheme:dark) {
  .c8:active {
    background-color: #003965;
    color: white;
  }
}

@media (prefers-color-scheme:dark) {
  .c8:disabled {
    background-color: #595959;
    color: #a9a9a9;
  }
}

@media (prefers-color-scheme:dark) {
  .c1:focus-within::after,
  .c1:focus-visible::after {
    border-color: #ffffff;
  }
}

@media (prefers-color-scheme:dark) {
  .c1 {
    border-color: white;
    background-color: #000000;
  }
}

@media (prefers-color-scheme:dark) {
  .c0 {
    color: #ffffff;
  }
}

@media (prefers-color-scheme:dark) {
  .c7 {
    color: #ffffff;
  }
}

@media (prefers-color-scheme:dark) {
  .c3 {
    color: #ffffff;
  }
}

@media (prefers-color-scheme:dark) {
  .c3:disabled {
    color: #7b7b86;
  }
}

<div>
  <form
    class=""
  >
    <div
      aria-hidden="false"
      class=""
    >
      <label
        class="c0"
        for="email_FORM_ID"
      >
        Email
      </label>
      <div
        class="c1 c2"
        placeholder="Email"
      >
        <input
          aria-disabled="false"
          aria-hidden="false"
          aria-invalid="false"
          autocomplete="username"
          autofill="username"
          class="c3"
          id="email_FORM_ID"
          name="Email"
          spellcheck="false"
          type="email"
          value=""
        />
        <svg
          class="c4 c5"
          height="18"
          viewBox="0 0 24 24"
          width="18"
          xmlns="http://www.w3.org/2000/svg"
        >
          <path
            d="M9.4 20c-.5 0-.9-.2-1.3-.5l-5.8-5.1c-.4-.4-.5-1-.1-1.4l1.3-1.5c.4-.4 1-.5 1.4-.1l4 3.5c.2.1.4.1.6 0l9.2-10.5c.4-.4 1-.5 1.4-.1l1.5 1.3c.4.4.5 1 .1 1.4L10.9 19.3c-.4.5-.9.7-1.5.7z"
          />
        </svg>
      </div>
    </div>
    <div
      aria-hidden="true"
      class="c6"
    >
      <label
        class="c0"
        for="password_FORM_ID"
      >
        Password
      </label>
      <div
        class="c1 c2"
        placeholder="Password"
      >
        <input
          aria-disabled="false"
          aria-hidden="true"
          aria-invalid="false"
          autocomplete="current-password"
          autofill="current-password"
          class="c3"
          id="password_FORM_ID"
          name="Password"
          spellcheck="false"
          type="password"
          value=""
        />
        <svg
          class="c4 c5"
          height="18"
          viewBox="0 0 24 24"
          width="18"
          xmlns="http://www.w3.org/2000/svg"
        >
          <path
            d="M9.4 20c-.5 0-.9-.2-1.3-.5l-5.8-5.1c-.4-.4-.5-1-.1-1.4l1.3-1.5c.4-.4 1-.5 1.4-.1l4 3.5c.2.1.4.1.6 0l9.2-10.5c.4-.4 1-.5 1.4-.1l1.5 1.3c.4.4.5 1 .1 1.4L10.9 19.3c-.4.5-.9.7-1.5.7z"
          />
        </svg>
      </div>
    </div>
    <div
      class="c7"
    >
      An email containing a login link will be sent to you. To access your account, follow the link in the email.
    </div>
    <button
      class="c8 c9"
      type="button"
    >
      <span
        class="c10"
      >
        Login
      </span>
    </button>
  </form>
</div>
`;
