// Jest Snapshot v1, https://goo.gl/fbAQLP

exports[`<Authenticator /> should render correctly - index 1`] = `
<div>
  <header
    class="sc-hKMtZM LVOTa"
    role="banner"
  >
    <style>
      .js .navigation-bar__burger-wrapper--no-js {
  display: none;
}
      .no-js .navigation-bar__burger-wrapper--js {
  display: none;
}
    </style>
    <nav
      class="sc-jSMfEi jnhvTO"
    >
      <div
        class="sc-gKXOVf MHOqO"
      >
        <div
          class="sc-papXJ ejHZVP"
        >
          <div
            class="sc-iBkjds hiohco"
          >
            <button
              aria-expanded="false"
              aria-label="Menu"
              class="sc-bczRLJ dIBDIK navigation-bar__burger-wrapper--js"
              type="button"
            >
              <div
                class="sc-gsnTZi lbGBid"
              >
                <div
                  class="sc-dkzDqf iKvdlc"
                />
                <div
                  class="sc-dkzDqf iKvdlc"
                />
                <div
                  class="sc-dkzDqf iKvdlc"
                />
              </div>
            </button>
            <a
              aria-label="Sitemap"
              class="navigation-bar__burger-wrapper--no-js"
              href="/site-map"
            >
              <button
                aria-expanded="false"
                aria-hidden="true"
                aria-label="Menu"
                class="sc-bczRLJ dIBDIK"
                type="button"
              >
                <div
                  class="sc-gsnTZi lbGBid"
                >
                  <div
                    class="sc-dkzDqf iKvdlc"
                  />
                  <div
                    class="sc-dkzDqf iKvdlc"
                  />
                  <div
                    class="sc-dkzDqf iKvdlc"
                  />
                </div>
              </button>
            </a>
          </div>
          <div
            class="logo__container logo__container--no-padding"
          >
            <a
              class="logo__a"
              href="/"
            >
              <h1
                aria-label="Home page"
                class="logo__heading logo__subheading--animated logo__heading--no-padding"
                role="button"
              >
                G
              </h1>
            </a>
          </div>
          <div
            class="sc-iBkjds hiohco"
          />
        </div>
        <div
          class="sc-ftvSup fXmYLN"
        >
          <div
            class="logo__container logo__container--no-padding"
          >
            <a
              class="logo__a"
              href="/"
            >
              <h1
                aria-label="Home page"
                class="logo__heading logo__subheading--animated logo__heading--no-padding"
                role="button"
              >
                G
              </h1>
            </a>
          </div>
          <a
            aria-label="Blog"
            class="sc-breuTD UjZxg button__a"
            href="/blog"
          >
            <span
              class="sc-ksZaOG cPAimV"
            >
              Blog
            </span>
          </a>
          <a
            aria-label="Photography"
            class="sc-breuTD UjZxg button__a"
            href="/photography"
          >
            <span
              class="sc-ksZaOG cPAimV"
            >
              Photography
            </span>
          </a>
          <a
            aria-label="Work"
            class="sc-breuTD UjZxg button__a"
            href="/work"
          >
            <span
              class="sc-ksZaOG cPAimV"
            >
              Work
            </span>
          </a>
          <a
            aria-label="Contact"
            class="sc-breuTD UjZxg button__a"
            href="/contact"
          >
            <span
              class="sc-ksZaOG cPAimV"
            >
              Contact
            </span>
          </a>
        </div>
      </div>
    </nav>
  </header>
</div>
`;

exports[`<Authenticator /> should render correctly with default state 1`] = `
<div>
  <header
    class="sc-hKMtZM LVOTa"
    role="banner"
  >
    <style>
      .js .navigation-bar__burger-wrapper--no-js {
  display: none;
}
      .no-js .navigation-bar__burger-wrapper--js {
  display: none;
}
    </style>
    <nav
      class="sc-jSMfEi jnhvTO"
    >
      <div
        class="sc-gKXOVf MHOqO"
      >
        <div
          class="sc-papXJ ejHZVP"
        >
          <div
            class="sc-iBkjds hiohco"
          >
            <button
              aria-expanded="false"
              aria-label="Menu"
              class="sc-bczRLJ dIBDIK navigation-bar__burger-wrapper--js"
              type="button"
            >
              <div
                class="sc-gsnTZi lbGBid"
              >
                <div
                  class="sc-dkzDqf iKvdlc"
                />
                <div
                  class="sc-dkzDqf iKvdlc"
                />
                <div
                  class="sc-dkzDqf iKvdlc"
                />
              </div>
            </button>
            <a
              aria-label="Sitemap"
              class="navigation-bar__burger-wrapper--no-js"
              href="/site-map"
            >
              <button
                aria-expanded="false"
                aria-hidden="true"
                aria-label="Menu"
                class="sc-bczRLJ dIBDIK"
                type="button"
              >
                <div
                  class="sc-gsnTZi lbGBid"
                >
                  <div
                    class="sc-dkzDqf iKvdlc"
                  />
                  <div
                    class="sc-dkzDqf iKvdlc"
                  />
                  <div
                    class="sc-dkzDqf iKvdlc"
                  />
                </div>
              </button>
            </a>
          </div>
          <div
            class="logo__container logo__container--no-padding"
          >
            <a
              class="logo__a"
              href="/"
            >
              <h1
                aria-label="Home page"
                class="logo__heading logo__subheading--animated logo__heading--no-padding"
                role="button"
              >
                G
              </h1>
            </a>
          </div>
          <div
            class="sc-iBkjds hiohco"
          />
        </div>
        <div
          class="sc-ftvSup fXmYLN"
        >
          <div
            class="logo__container logo__container--no-padding"
          >
            <a
              class="logo__a"
              href="/"
            >
              <h1
                aria-label="Home page"
                class="logo__heading logo__subheading--animated logo__heading--no-padding"
                role="button"
              >
                G
              </h1>
            </a>
          </div>
          <a
            aria-label="Blog"
            class="sc-breuTD UjZxg button__a"
            href="/blog"
          >
            <span
              class="sc-ksZaOG cPAimV"
            >
              Blog
            </span>
          </a>
          <a
            aria-label="Photography"
            class="sc-breuTD UjZxg button__a"
            href="/photography"
          >
            <span
              class="sc-ksZaOG cPAimV"
            >
              Photography
            </span>
          </a>
          <a
            aria-label="Work"
            class="sc-breuTD UjZxg button__a"
            href="/work"
          >
            <span
              class="sc-ksZaOG cPAimV"
            >
              Work
            </span>
          </a>
          <a
            aria-label="Contact"
            class="sc-breuTD UjZxg button__a"
            href="/contact"
          >
            <span
              class="sc-ksZaOG cPAimV"
            >
              Contact
            </span>
          </a>
        </div>
      </div>
    </nav>
  </header>
</div>
`;

exports[`<Authenticator /> should render correctly with null user 1`] = `
<div>
  <header
    class="sc-hKMtZM LVOTa"
    role="banner"
  >
    <style>
      .js .navigation-bar__burger-wrapper--no-js {
  display: none;
}
      .no-js .navigation-bar__burger-wrapper--js {
  display: none;
}
    </style>
    <nav
      class="sc-jSMfEi jnhvTO"
    >
      <div
        class="sc-gKXOVf MHOqO"
      >
        <div
          class="sc-papXJ ejHZVP"
        >
          <div
            class="sc-iBkjds hiohco"
          >
            <button
              aria-expanded="false"
              aria-label="Menu"
              class="sc-bczRLJ dIBDIK navigation-bar__burger-wrapper--js"
              type="button"
            >
              <div
                class="sc-gsnTZi lbGBid"
              >
                <div
                  class="sc-dkzDqf iKvdlc"
                />
                <div
                  class="sc-dkzDqf iKvdlc"
                />
                <div
                  class="sc-dkzDqf iKvdlc"
                />
              </div>
            </button>
            <a
              aria-label="Sitemap"
              class="navigation-bar__burger-wrapper--no-js"
              href="/site-map"
            >
              <button
                aria-expanded="false"
                aria-hidden="true"
                aria-label="Menu"
                class="sc-bczRLJ dIBDIK"
                type="button"
              >
                <div
                  class="sc-gsnTZi lbGBid"
                >
                  <div
                    class="sc-dkzDqf iKvdlc"
                  />
                  <div
                    class="sc-dkzDqf iKvdlc"
                  />
                  <div
                    class="sc-dkzDqf iKvdlc"
                  />
                </div>
              </button>
            </a>
          </div>
          <div
            class="logo__container logo__container--no-padding"
          >
            <a
              class="logo__a"
              href="/"
            >
              <h1
                aria-label="Home page"
                class="logo__heading logo__subheading--animated logo__heading--no-padding"
                role="button"
              >
                G
              </h1>
            </a>
          </div>
          <div
            class="sc-iBkjds hiohco"
          />
        </div>
        <div
          class="sc-ftvSup fXmYLN"
        >
          <div
            class="logo__container logo__container--no-padding"
          >
            <a
              class="logo__a"
              href="/"
            >
              <h1
                aria-label="Home page"
                class="logo__heading logo__subheading--animated logo__heading--no-padding"
                role="button"
              >
                G
              </h1>
            </a>
          </div>
          <a
            aria-label="Blog"
            class="sc-breuTD UjZxg button__a"
            href="/blog"
          >
            <span
              class="sc-ksZaOG cPAimV"
            >
              Blog
            </span>
          </a>
          <a
            aria-label="Photography"
            class="sc-breuTD UjZxg button__a"
            href="/photography"
          >
            <span
              class="sc-ksZaOG cPAimV"
            >
              Photography
            </span>
          </a>
          <a
            aria-label="Work"
            class="sc-breuTD UjZxg button__a"
            href="/work"
          >
            <span
              class="sc-ksZaOG cPAimV"
            >
              Work
            </span>
          </a>
          <a
            aria-label="Contact"
            class="sc-breuTD UjZxg button__a"
            href="/contact"
          >
            <span
              class="sc-ksZaOG cPAimV"
            >
              Contact
            </span>
          </a>
        </div>
      </div>
    </nav>
  </header>
</div>
`;

exports[`<Authenticator /> should render correctly with user 1`] = `
<div>
  <header
    class="sc-hKMtZM LVOTa"
    role="banner"
  >
    <style>
      .js .navigation-bar__burger-wrapper--no-js {
  display: none;
}
      .no-js .navigation-bar__burger-wrapper--js {
  display: none;
}
    </style>
    <nav
      class="sc-jSMfEi jnhvTO"
    >
      <div
        class="sc-gKXOVf MHOqO"
      >
        <div
          class="sc-papXJ ejHZVP"
        >
          <div
            class="sc-iBkjds hiohco"
          >
            <button
              aria-expanded="false"
              aria-label="Menu"
              class="sc-bczRLJ dIBDIK navigation-bar__burger-wrapper--js"
              type="button"
            >
              <div
                class="sc-gsnTZi lbGBid"
              >
                <div
                  class="sc-dkzDqf iKvdlc"
                />
                <div
                  class="sc-dkzDqf iKvdlc"
                />
                <div
                  class="sc-dkzDqf iKvdlc"
                />
              </div>
            </button>
            <a
              aria-label="Sitemap"
              class="navigation-bar__burger-wrapper--no-js"
              href="/site-map"
            >
              <button
                aria-expanded="false"
                aria-hidden="true"
                aria-label="Menu"
                class="sc-bczRLJ dIBDIK"
                type="button"
              >
                <div
                  class="sc-gsnTZi lbGBid"
                >
                  <div
                    class="sc-dkzDqf iKvdlc"
                  />
                  <div
                    class="sc-dkzDqf iKvdlc"
                  />
                  <div
                    class="sc-dkzDqf iKvdlc"
                  />
                </div>
              </button>
            </a>
          </div>
          <div
            class="logo__container logo__container--no-padding"
          >
            <a
              class="logo__a"
              href="/"
            >
              <h1
                aria-label="Home page"
                class="logo__heading logo__subheading--animated logo__heading--no-padding"
                role="button"
              >
                G
              </h1>
            </a>
          </div>
          <div
            class="sc-iBkjds hiohco"
          />
        </div>
        <div
          class="sc-ftvSup fXmYLN"
        >
          <div
            class="logo__container logo__container--no-padding"
          >
            <a
              class="logo__a"
              href="/"
            >
              <h1
                aria-label="Home page"
                class="logo__heading logo__subheading--animated logo__heading--no-padding"
                role="button"
              >
                G
              </h1>
            </a>
          </div>
          <a
            aria-label="Blog"
            class="sc-breuTD UjZxg button__a"
            href="/blog"
          >
            <span
              class="sc-ksZaOG cPAimV"
            >
              Blog
            </span>
          </a>
          <a
            aria-label="Photography"
            class="sc-breuTD UjZxg button__a"
            href="/photography"
          >
            <span
              class="sc-ksZaOG cPAimV"
            >
              Photography
            </span>
          </a>
          <a
            aria-label="Work"
            class="sc-breuTD UjZxg button__a"
            href="/work"
          >
            <span
              class="sc-ksZaOG cPAimV"
            >
              Work
            </span>
          </a>
          <a
            aria-label="Contact"
            class="sc-breuTD UjZxg button__a"
            href="/contact"
          >
            <span
              class="sc-ksZaOG cPAimV"
            >
              Contact
            </span>
          </a>
        </div>
      </div>
    </nav>
  </header>
</div>
`;
