// Jest Snapshot v1, https://goo.gl/fbAQLP

exports[`<NavigationItem /> Should render correctly 1`] = `
<div>
  <div
    class="sc-dkrFOg issWQp"
  >
    <div
      class="sc-hLBbgP ePknQl"
    />
    <div
      class="sc-eDvSVe dgcnrq"
    >
      <div
        aria-hidden="true"
        class="sc-eDWCr fGeeSY"
      >
        <div
          class="sc-bqWxrE khjRns date container"
        />
        <div
          class="sc-ksBlkl iEacQb"
        >
          <h1
            class="sc-hHTYSt jAbRvz"
          />
        </div>
      </div>
    </div>
  </div>
</div>
`;

exports[`<NavigationItem /> Should render correctly hrefExternal 1`] = `
<div>
  <div
    class="sc-dkrFOg issWQp"
  >
    <div
      class="sc-hLBbgP ePknQl"
    />
    <div
      class="sc-eDvSVe dgcnrq"
    >
      <div
        aria-hidden="true"
        class="sc-eDWCr fGeeSY"
      >
        <div
          class="sc-bqWxrE khjRns date container"
        />
        <div
          class="sc-ksBlkl iEacQb"
        >
          <h1
            class="sc-hHTYSt jAbRvz"
          />
        </div>
      </div>
    </div>
  </div>
</div>
`;

exports[`<NavigationItem /> Should render correctly with custom className 1`] = `
<div>
  <div
    class="sc-dkrFOg issWQp"
  >
    <div
      class="sc-hLBbgP ePknQl"
    />
    <div
      class="sc-eDvSVe dgcnrq"
    >
      <div
        aria-hidden="true"
        class="sc-eDWCr fGeeSY"
      >
        <div
          class="sc-bqWxrE khjRns date container"
        />
        <div
          class="sc-ksBlkl iEacQb"
        >
          <h1
            class="sc-hHTYSt jAbRvz"
          />
        </div>
      </div>
    </div>
  </div>
</div>
`;

exports[`<NavigationItem /> Should render with nextified href 1`] = `
<div>
  <div
    class="sc-dkrFOg issWQp"
  >
    <div
      class="sc-hLBbgP ePknQl"
    />
    <div
      class="sc-eDvSVe dgcnrq"
    >
      <div
        aria-hidden="true"
        class="sc-eDWCr fGeeSY"
      >
        <div
          class="sc-bqWxrE khjRns date container"
        />
        <div
          class="sc-ksBlkl iEacQb"
        >
          <h1
            class="sc-hHTYSt jAbRvz"
          />
        </div>
      </div>
    </div>
  </div>
</div>
`;
