// Jest Snapshot v1, https://goo.gl/fbAQLP

exports[`<Notifications /> should render correctly - index 1`] = `
<div>
  <div />
</div>
`;

exports[`<Notifications /> should render correctly with initial state 1`] = `
<div>
  <div />
</div>
`;

exports[`<Notifications /> should render correctly with loadError 1`] = `
<div>
  <div />
</div>
`;

exports[`<Notifications /> should render correctly with loading=true 1`] = `
<div>
  <div />
</div>
`;

exports[`<Notifications /> should render correctly with notifications 1`] = `
<div>
  <div
    class="sc-bczRLJ gtcKKB notifications__notification"
    type="success"
  >
    message1
  </div>
  <div
    class="sc-bczRLJ bXagSq notifications__notification"
    type="warn"
  >
    message2
  </div>
  <div
    class="sc-bczRLJ fyYUmk notifications__notification"
    type="error"
  >
    message3
  </div>
  <div />
</div>
`;

exports[`<Notifications /> should render correctly with user 1`] = `
<div>
  <div />
</div>
`;
