// Jest Snapshot v1, https://goo.gl/fbAQLP

exports[`<Login /> should render correctly - index 1`] = `
<div>
  <div
    aria-label="Loading"
    class="sc-hHTYSt SeJTL page-containerstyles__StyledPageContainer-sc-19l7k4-0"
    width="default"
  >
    <div
      class="sc-idXgbr irOVYZ"
    >
      <div
        class="sc-dIfARi hEqwgc"
        style="margin-left: -0px;"
      />
    </div>
    <div
      class="sc-idXgbr hfZFMF"
      style="margin-top: 1.2rem;"
    >
      <div
        class="sc-dIfARi hEqwgc"
        style="margin-left: -0px;"
      />
    </div>
    <div
      class="sc-idXgbr kHpQyi"
    >
      <div
        class="sc-dIfARi hEqwgc"
        style="margin-left: -0px;"
      />
    </div>
    <div
      class="sc-idXgbr jnOdul"
    >
      <div
        class="sc-dIfARi hEqwgc"
        style="margin-left: -0px;"
      />
    </div>
  </div>
</div>
`;

exports[`<Login /> should render correctly with initial state 1`] = `
<div>
  <div
    aria-label="Loading"
    class="sc-hHTYSt SeJTL page-containerstyles__StyledPageContainer-sc-19l7k4-0"
    width="default"
  >
    <div
      class="sc-idXgbr irOVYZ"
    >
      <div
        class="sc-dIfARi hEqwgc"
        style="margin-left: -0px;"
      />
    </div>
    <div
      class="sc-idXgbr hfZFMF"
      style="margin-top: 1.2rem;"
    >
      <div
        class="sc-dIfARi hEqwgc"
        style="margin-left: -0px;"
      />
    </div>
    <div
      class="sc-idXgbr kHpQyi"
    >
      <div
        class="sc-dIfARi hEqwgc"
        style="margin-left: -0px;"
      />
    </div>
    <div
      class="sc-idXgbr jnOdul"
    >
      <div
        class="sc-dIfARi hEqwgc"
        style="margin-left: -0px;"
      />
    </div>
  </div>
</div>
`;

exports[`<Login /> should render correctly with loggingIn=true 1`] = `
<div>
  <div
    aria-label="Loading"
    class="sc-hHTYSt SeJTL page-containerstyles__StyledPageContainer-sc-19l7k4-0"
    width="default"
  >
    <div
      class="sc-idXgbr irOVYZ"
    >
      <div
        class="sc-dIfARi hEqwgc"
        style="margin-left: -0px;"
      />
    </div>
    <div
      class="sc-idXgbr hfZFMF"
      style="margin-top: 1.2rem;"
    >
      <div
        class="sc-dIfARi hEqwgc"
        style="margin-left: -0px;"
      />
    </div>
    <div
      class="sc-idXgbr kHpQyi"
    >
      <div
        class="sc-dIfARi hEqwgc"
        style="margin-left: -0px;"
      />
    </div>
    <div
      class="sc-idXgbr jnOdul"
    >
      <div
        class="sc-dIfARi hEqwgc"
        style="margin-left: -0px;"
      />
    </div>
  </div>
</div>
`;

exports[`<Login /> should render correctly with loginError 1`] = `
<div>
  <div
    aria-label="Loading"
    class="sc-hHTYSt SeJTL page-containerstyles__StyledPageContainer-sc-19l7k4-0"
    width="default"
  >
    <div
      class="sc-idXgbr irOVYZ"
    >
      <div
        class="sc-dIfARi hEqwgc"
        style="margin-left: -0px;"
      />
    </div>
    <div
      class="sc-idXgbr hfZFMF"
      style="margin-top: 1.2rem;"
    >
      <div
        class="sc-dIfARi hEqwgc"
        style="margin-left: -0px;"
      />
    </div>
    <div
      class="sc-idXgbr kHpQyi"
    >
      <div
        class="sc-dIfARi hEqwgc"
        style="margin-left: -0px;"
      />
    </div>
    <div
      class="sc-idXgbr jnOdul"
    >
      <div
        class="sc-dIfARi hEqwgc"
        style="margin-left: -0px;"
      />
    </div>
  </div>
</div>
`;

exports[`<Login /> should render correctly with loginResult 1`] = `
<div>
  <div
    aria-label="Loading"
    class="sc-hHTYSt SeJTL page-containerstyles__StyledPageContainer-sc-19l7k4-0"
    width="default"
  >
    <div
      class="sc-idXgbr irOVYZ"
    >
      <div
        class="sc-dIfARi hEqwgc"
        style="margin-left: -0px;"
      />
    </div>
    <div
      class="sc-idXgbr hfZFMF"
      style="margin-top: 1.2rem;"
    >
      <div
        class="sc-dIfARi hEqwgc"
        style="margin-left: -0px;"
      />
    </div>
    <div
      class="sc-idXgbr kHpQyi"
    >
      <div
        class="sc-dIfARi hEqwgc"
        style="margin-left: -0px;"
      />
    </div>
    <div
      class="sc-idXgbr jnOdul"
    >
      <div
        class="sc-dIfARi hEqwgc"
        style="margin-left: -0px;"
      />
    </div>
  </div>
</div>
`;

exports[`<Login /> should render correctly with user 1`] = `
<div>
  <div
    class="sc-hHTYSt lnLwJh page-containerstyles__StyledPageContainer-sc-19l7k4-0"
    width="default"
  >
    <div
      class="sc-hBxehG julUME"
    >
      <h1
        class="sc-jSUZER glQaLI sc-bjfHbI cBkNPA"
        id="you're-logged-in"
      >
        You're logged in
      </h1>
      <span
        class="sc-dmctIk jYsRjS"
      >
        <a
          class="sc-gswNZR bbFtvE"
          href="/account"
        >
          <span
            class="sc-ftTHYK cRFGYD"
          >
            Go to your account.
          </span>
        </a>
      </span>
    </div>
  </div>
</div>
`;
